exports[`RootComponent should render correctly 1`] = `
<div
  className="RootComponent">
  Hello World!
</div>
`;
